M0 tool baseline, added LLVM utilities, and pycdlib version match.
ELF Header:
  Magic:   7f 45 4c 46 02 01 01 00 00 00 00 00 00 00 00 00
  Class:                             ELF64
  Data:                              2's complement, little endian
  Version:                           1 (current)
  OS/ABI:                            UNIX - System V
  ABI Version:                       0
  Type:                              EXEC (Executable file)
  Machine:                           Advanced Micro Devices X86-64
  Version:                           0x1
  Entry point address:               0xffffffff80001220
  Start of program headers:          64 (bytes into file)
  Start of section headers:          16664 (bytes into file)
  Flags:                             0x0
  Size of this header:               64 (bytes)
  Size of program headers:           56 (bytes)
  Number of program headers:         3
  Size of section headers:           64 (bytes)
  Number of section headers:         16
  Section header string table index: 14
Built C:\Users\lenovo\Desktop\GitHubProjects\tmp\minilinux-closed-d296971-20261002\build\kernel.elf
D:\DevTools\MiniLinux\images\minilinux-m0.iso
Created D:\DevTools\MiniLinux\images\minilinux-m0.iso
ISO kernel, Limine config, and BIOS file match this build.
MiniLinux M0: entered kernel_main
MiniLinux PANIC: M0 reached its intentional stop

M0 boot and serial evidence passed (256 MiB guest).
0x000000000000fff0 in ?? ()
Breakpoint 1 at 0xffffffff80001224: file C:\Users\lenovo\Desktop\GitHubProjects\tmp\minilinux-closed-d296971-20261002\kernel\main.c, line 114.

Breakpoint 1, kernel_main () at C:\Users\lenovo\Desktop\GitHubProjects\tmp\minilinux-closed-d296971-20261002\kernel\main.c:114
114	    serial_init();
rip            0xffffffff80001224  0xffffffff80001224 <kernel_main+4>
cs             0x28                40
Breakpoint 2 at 0xffffffff800011ec: file C:\Users\lenovo\Desktop\GitHubProjects\tmp\minilinux-closed-d296971-20261002\kernel\main.c, line 103.

Breakpoint 2, panic (message=0xffffffff80002071 "M0 reached its intentional stop") at C:\Users\lenovo\Desktop\GitHubProjects\tmp\minilinux-closed-d296971-20261002\kernel\main.c:103
103	    __asm__ volatile ("cli" : : : "memory");
#0  panic (message=0xffffffff80002071 "M0 reached its intentional stop") at C:\Users\lenovo\Desktop\GitHubProjects\tmp\minilinux-closed-d296971-20261002\kernel\main.c:103
#1  0xffffffff8000125a in kernel_main () at C:\Users\lenovo\Desktop\GitHubProjects\tmp\minilinux-closed-d296971-20261002\kernel\main.c:141
[Inferior 1 (process 1) detached]

MiniLinux M0: entered kernel_main
MiniLinux PANIC: M0 reached its intentional stop
