M0 tool baseline, added LLVM utilities, and pycdlib version match.
ELF Header:
  Magic:   7f 45 4c 46 02 01 01 00 00 00 00 00 00 00 00 00
  Class:                             ELF64
  Data:                              2's complement, little endian
  Version:                           1 (current)
  OS/ABI:                            UNIX - System V
  ABI Version:                       0
  Type:                              EXEC (Executable file)
  Machine:                           Advanced Micro Devices X86-64
  Version:                           0x1
  Entry point address:               0xffffffff80001220
  Start of program headers:          64 (bytes into file)
  Start of section headers:          34344 (bytes into file)
  Flags:                             0x0
  Size of this header:               64 (bytes)
  Size of program headers:           56 (bytes)
  Number of program headers:         4
  Size of section headers:           64 (bytes)
  Number of section headers:         17
  Section header string table index: 15
Built C:\Users\lenovo\Desktop\GitHubProjects\tmp\minilinux-closed-d296971-20261002\build\kernel.elf
D:\DevTools\MiniLinux\images\minilinux-m1.iso
Created D:\DevTools\MiniLinux\images\minilinux-m1.iso
ISO kernel, Limine config, and BIOS file match this build.
MiniLinux M1: entered kernel_main
M1 HHDM offset: 0xffff800000000000
M1 tracked frames: 16268; free pages: 16033
M1 metadata physical: 0x0000000000073000; reserved pages: 4
M1 map base=0x0000000000001000 length=0x0000000000072000 type=5
M1 map base=0x0000000000073000 length=0x000000000002c000 type=0
M1 map base=0x000000000009fc00 length=0x0000000000000400 type=1
M1 map base=0x00000000000f0000 length=0x0000000000005000 type=1
M1 map base=0x00000000000f5000 length=0x0000000000001000 type=8
M1 map base=0x00000000000f6000 length=0x000000000000a000 type=1
M1 map base=0x0000000000100000 length=0x0000000003e5a000 type=0
M1 map base=0x0000000003f5a000 length=0x0000000000004000 type=5
M1 map base=0x0000000003f5e000 length=0x0000000000005000 type=6
M1 map base=0x0000000003f63000 length=0x000000000000a000 type=5
M1 map base=0x0000000003f6d000 length=0x000000000001f000 type=0
M1 map base=0x0000000003f8c000 length=0x0000000000054000 type=5
M1 map base=0x0000000003fe0000 length=0x0000000000003000 type=8
M1 map base=0x0000000003fe3000 length=0x000000000001d000 type=1
M1 map base=0x00000000fd000000 length=0x00000000003e8000 type=7
M1 map base=0x00000000fffc0000 length=0x0000000000040000 type=1
M1 map base=0x000000fd00000000 length=0x0000000300000000 type=1
M1 distinct physical pages: 0x0000000000077000 / 0x0000000000078000; 4096-byte readback passed
M1 rejected free: zero page at 0x0000000000000000
M1 rejected free: allocator metadata at 0x0000000000073000
M1 rejected free: unaligned address at 0x0000000000077001
M1 rejected free: outside managed range at 0x0000000003f8c000
M1 rejected free: bootloader still owns this page at 0x0000000000001000
M1 rejected free: double free at 0x0000000000077000
M1 exhaustion: 16033 distinct usable pages; released page reused
M1 rejected free: already returned experiment page at 0x0000000000077000
M1 restored free pages: 16033
MiniLinux M1: physical page checks passed
MiniLinux PANIC: M1 reached its intentional stop

M1 boot and serial evidence passed (64 MiB guest).
MiniLinux M1: entered kernel_main
M1 HHDM offset: 0xffff800000000000
M1 tracked frames: 65420; free pages: 65173
M1 metadata physical: 0x0000000000073000; reserved pages: 16
M1 map base=0x0000000000001000 length=0x0000000000072000 type=5
M1 map base=0x0000000000073000 length=0x000000000002c000 type=0
M1 map base=0x000000000009fc00 length=0x0000000000000400 type=1
M1 map base=0x00000000000f0000 length=0x0000000000005000 type=1
M1 map base=0x00000000000f5000 length=0x0000000000001000 type=8
M1 map base=0x00000000000f6000 length=0x000000000000a000 type=1
M1 map base=0x0000000000100000 length=0x000000000fe5a000 type=0
M1 map base=0x000000000ff5a000 length=0x0000000000004000 type=5
M1 map base=0x000000000ff5e000 length=0x0000000000005000 type=6
M1 map base=0x000000000ff63000 length=0x000000000000a000 type=5
M1 map base=0x000000000ff6d000 length=0x000000000001f000 type=0
M1 map base=0x000000000ff8c000 length=0x0000000000054000 type=5
M1 map base=0x000000000ffe0000 length=0x0000000000003000 type=8
M1 map base=0x000000000ffe3000 length=0x000000000001d000 type=1
M1 map base=0x00000000fd000000 length=0x00000000003e8000 type=7
M1 map base=0x00000000fffc0000 length=0x0000000000040000 type=1
M1 map base=0x000000fd00000000 length=0x0000000300000000 type=1
M1 distinct physical pages: 0x0000000000083000 / 0x0000000000084000; 4096-byte readback passed
M1 rejected free: zero page at 0x0000000000000000
M1 rejected free: allocator metadata at 0x0000000000073000
M1 rejected free: unaligned address at 0x0000000000083001
M1 rejected free: outside managed range at 0x000000000ff8c000
M1 rejected free: bootloader still owns this page at 0x0000000000001000
M1 rejected free: double free at 0x0000000000083000
M1 exhaustion: 65173 distinct usable pages; released page reused
M1 rejected free: already returned experiment page at 0x0000000000083000
M1 restored free pages: 65173
MiniLinux M1: physical page checks passed
MiniLinux PANIC: M1 reached its intentional stop

M1 boot and serial evidence passed (256 MiB guest).
0x000000000000fff0 in ?? ()
Breakpoint 1 at 0xffffffff80001224: file C:\Users\lenovo\Desktop\GitHubProjects\tmp\minilinux-closed-d296971-20261002\kernel\main.c, line 114.

Breakpoint 1, kernel_main () at C:\Users\lenovo\Desktop\GitHubProjects\tmp\minilinux-closed-d296971-20261002\kernel\main.c:114
114	    serial_init();
rip            0xffffffff80001224  0xffffffff80001224 <kernel_main+4>
cs             0x28                40
Breakpoint 2 at 0xffffffff8000177c: file C:\Users\lenovo\Desktop\GitHubProjects\tmp\minilinux-closed-d296971-20261002\kernel\memory\page.c, line 93.

Breakpoint 2, page_alloc (address=0xffff80000ffb4f90) at C:\Users\lenovo\Desktop\GitHubProjects\tmp\minilinux-closed-d296971-20261002\kernel\memory\page.c:93
93	    if (address == NULL || pages.states == NULL || pages.free_count == 0) {
$1 = 65420
$2 = 65173
$3 = 0x73000
Breakpoint 3 at 0xffffffff800011ec: file C:\Users\lenovo\Desktop\GitHubProjects\tmp\minilinux-closed-d296971-20261002\kernel\main.c, line 103.

Breakpoint 3, panic (message=0xffffffff8000342c "M1 reached its intentional stop") at C:\Users\lenovo\Desktop\GitHubProjects\tmp\minilinux-closed-d296971-20261002\kernel\main.c:103
103	    __asm__ volatile ("cli" : : : "memory");
#0  panic (message=0xffffffff8000342c "M1 reached its intentional stop") at C:\Users\lenovo\Desktop\GitHubProjects\tmp\minilinux-closed-d296971-20261002\kernel\main.c:103
#1  0xffffffff800012d4 in kernel_main () at C:\Users\lenovo\Desktop\GitHubProjects\tmp\minilinux-closed-d296971-20261002\kernel\main.c:129
[Inferior 1 (process 1) detached]

MiniLinux M1: entered kernel_main
M1 HHDM offset: 0xffff800000000000
M1 tracked frames: 65420; free pages: 65173
M1 metadata physical: 0x0000000000073000; reserved pages: 16
M1 map base=0x0000000000001000 length=0x0000000000072000 type=5
M1 map base=0x0000000000073000 length=0x000000000002c000 type=0
M1 map base=0x000000000009fc00 length=0x0000000000000400 type=1
M1 map base=0x00000000000f0000 length=0x0000000000005000 type=1
M1 map base=0x00000000000f5000 length=0x0000000000001000 type=8
M1 map base=0x00000000000f6000 length=0x000000000000a000 type=1
M1 map base=0x0000000000100000 length=0x000000000fe5a000 type=0
M1 map base=0x000000000ff5a000 length=0x0000000000004000 type=5
M1 map base=0x000000000ff5e000 length=0x0000000000005000 type=6
M1 map base=0x000000000ff63000 length=0x000000000000a000 type=5
M1 map base=0x000000000ff6d000 length=0x000000000001f000 type=0
M1 map base=0x000000000ff8c000 length=0x0000000000054000 type=5
M1 map base=0x000000000ffe0000 length=0x0000000000003000 type=8
M1 map base=0x000000000ffe3000 length=0x000000000001d000 type=1
M1 map base=0x00000000fd000000 length=0x00000000003e8000 type=7
M1 map base=0x00000000fffc0000 length=0x0000000000040000 type=1
M1 map base=0x000000fd00000000 length=0x0000000300000000 type=1
M1 distinct physical pages: 0x0000000000083000 / 0x0000000000084000; 4096-byte readback passed
M1 rejected free: zero page at 0x0000000000000000
M1 rejected free: allocator metadata at 0x0000000000073000
M1 rejected free: unaligned address at 0x0000000000083001
M1 rejected free: outside managed range at 0x000000000ff8c000
M1 rejected free: bootloader still owns this page at 0x0000000000001000
M1 rejected free: double free at 0x0000000000083000
M1 exhaustion: 65173 distinct usable pages; released page reused
M1 rejected free: already returned experiment page at 0x0000000000083000
M1 restored free pages: 65173
MiniLinux M1: physical page checks passed
MiniLinux PANIC: M1 reached its intentional stop
M1 physical page experiment passed at 64 MiB and 256 MiB.
