M0 tool baseline, added LLVM utilities, and pycdlib version match.
ELF Header:
  Magic:   7f 45 4c 46 02 01 01 00 00 00 00 00 00 00 00 00
  Class:                             ELF64
  Data:                              2's complement, little endian
  Version:                           1 (current)
  OS/ABI:                            UNIX - System V
  ABI Version:                       0
  Type:                              EXEC (Executable file)
  Machine:                           Advanced Micro Devices X86-64
  Version:                           0x1
  Entry point address:               0xffffffff80001220
  Start of program headers:          64 (bytes into file)
  Start of section headers:          47024 (bytes into file)
  Flags:                             0x0
  Size of this header:               64 (bytes)
  Size of program headers:           56 (bytes)
  Number of program headers:         4
  Size of section headers:           64 (bytes)
  Number of section headers:         17
  Section header string table index: 15
Built C:\Users\lenovo\Desktop\GitHubProjects\tmp\minilinux-closed-d296971-20261002\build\kernel.elf
D:\DevTools\MiniLinux\images\minilinux-m2.iso
Created D:\DevTools\MiniLinux\images\minilinux-m2.iso
ISO kernel, Limine config, and BIOS file match this build.
MiniLinux M2: entered kernel_main
M2 active CR3: 0x0000000000077000; VA 0x0000000000400000 -> PA 0x0000000000078000; alias and HHDM readback passed
MiniLinux M2: address mapping checks passed
MiniLinux PANIC: M2 reached its intentional stop

M2 boot and serial evidence passed (64 MiB guest).
MiniLinux M2: entered kernel_main
M2 active CR3: 0x0000000000083000; VA 0x0000000000400000 -> PA 0x0000000000084000; alias and HHDM readback passed
MiniLinux M2: address mapping checks passed
MiniLinux PANIC: M2 reached its intentional stop

M2 boot and serial evidence passed (256 MiB guest).
0x000000000000fff0 in ?? ()
Breakpoint 1 at 0xffffffff80001224: file C:\Users\lenovo\Desktop\GitHubProjects\tmp\minilinux-closed-d296971-20261002\kernel\main.c, line 114.

Breakpoint 1, kernel_main () at C:\Users\lenovo\Desktop\GitHubProjects\tmp\minilinux-closed-d296971-20261002\kernel\main.c:114
114	    serial_init();
rip            0xffffffff80001224  0xffffffff80001224 <kernel_main+4>
cs             0x28                40
Breakpoint 2 at 0xffffffff80002569: file C:\Users\lenovo\Desktop\GitHubProjects\tmp\minilinux-closed-d296971-20261002\kernel\memory\vm.c, line 27.

Breakpoint 2, vm_switch (root=536576) at C:\Users\lenovo\Desktop\GitHubProjects\tmp\minilinux-closed-d296971-20261002\kernel\memory\vm.c:27
27	    __asm__ volatile ("mov %0, %%cr3" : : "r"(root) : "memory");
$1 = 0x83000
Breakpoint 3 at 0xffffffff800011ec: file C:\Users\lenovo\Desktop\GitHubProjects\tmp\minilinux-closed-d296971-20261002\kernel\main.c, line 103.

Breakpoint 3, panic (message=0xffffffff800046e4 "M2 reached its intentional stop") at C:\Users\lenovo\Desktop\GitHubProjects\tmp\minilinux-closed-d296971-20261002\kernel\main.c:103
103	    __asm__ volatile ("cli" : : : "memory");
#0  panic (message=0xffffffff800046e4 "M2 reached its intentional stop") at C:\Users\lenovo\Desktop\GitHubProjects\tmp\minilinux-closed-d296971-20261002\kernel\main.c:103
#1  0xffffffff800012d2 in kernel_main () at C:\Users\lenovo\Desktop\GitHubProjects\tmp\minilinux-closed-d296971-20261002\kernel\main.c:133
[Inferior 1 (process 1) detached]

MiniLinux M2: entered kernel_main
M2 active CR3: 0x0000000000083000; VA 0x0000000000400000 -> PA 0x0000000000084000; alias and HHDM readback passed
MiniLinux M2: address mapping checks passed
MiniLinux PANIC: M2 reached its intentional stop
M2 mechanism checks passed.
