0x000000000000fff0 in ?? ()
Breakpoint 1 at 0xffffffff80001224: file C:\Users\lenovo\Desktop\GitHubProjects\tmp\minilinux-closed-d296971-20261002\kernel\main.c, line 114.

Breakpoint 1, kernel_main () at C:\Users\lenovo\Desktop\GitHubProjects\tmp\minilinux-closed-d296971-20261002\kernel\main.c:114
114	    serial_init();
rip            0xffffffff80001224  0xffffffff80001224 <kernel_main+4>
cs             0x28                40
Breakpoint 2 at 0xffffffff80003338: file C:\Users\lenovo\Desktop\GitHubProjects\tmp\minilinux-closed-d296971-20261002\kernel\cpu.c, line 37.

Breakpoint 2, cpu_init () at C:\Users\lenovo\Desktop\GitHubProjects\tmp\minilinux-closed-d296971-20261002\kernel\cpu.c:37
37	    __asm__ volatile ("cli" : : : "memory");
Breakpoint 3 at 0xffffffff80003818: file C:\Users\lenovo\Desktop\GitHubProjects\tmp\minilinux-closed-d296971-20261002\kernel\task.c, line 40.

Breakpoint 3, task_start () at C:\Users\lenovo\Desktop\GitHubProjects\tmp\minilinux-closed-d296971-20261002\kernel\task.c:40
40	    for (unsigned i = 0; i < 2; i++) { tasks[i].id = i; tasks[i].alive = true; }
Breakpoint 4 at 0xffffffff80003a8c: file C:\Users\lenovo\Desktop\GitHubProjects\tmp\minilinux-closed-d296971-20261002\kernel\task.c, line 62.

Breakpoint 4, task_tick (frame=0xffffffff80008030 <tasks+7984>) at C:\Users\lenovo\Desktop\GitHubProjects\tmp\minilinux-closed-d296971-20261002\kernel\task.c:62
62	    tasks[current].frame = frame;
$1 = {r15 = 0, r14 = 0, r13 = 0, r12 = 3405643776, r11 = 0, r10 = 0, r9 = 0, r8 = 0, rdi = 0, rsi = 0, rbp = 18446744071562100992, rdx = 0, rcx = 50931, rbx = 0, rax = 18446744071562092800, vector = 32, error = 0, rip = 18446744071562082759, cs = 8, rflags = 66054, rsp = 18446744071562100960, ss = 16}
Breakpoint 5 at 0xffffffff800011ec: file C:\Users\lenovo\Desktop\GitHubProjects\tmp\minilinux-closed-d296971-20261002\kernel\main.c, line 103.

Breakpoint 5, panic (message=0xffffffff80004825 "M3 register guard changed") at C:\Users\lenovo\Desktop\GitHubProjects\tmp\minilinux-closed-d296971-20261002\kernel\main.c:103
103	    __asm__ volatile ("cli" : : : "memory");
#0  panic (message=0xffffffff80004825 "M3 register guard changed") at C:\Users\lenovo\Desktop\GitHubProjects\tmp\minilinux-closed-d296971-20261002\kernel\main.c:103
#1  0xffffffff800039ab in count_forever () at C:\Users\lenovo\Desktop\GitHubProjects\tmp\minilinux-closed-d296971-20261002\kernel\task.c:24
#2  0x0000000000000000 in ?? ()
[Inferior 1 (process 1) detached]

MiniLinux M3: entered kernel_main
M3 timer switch 0 -> 1; counters 0 / 0
M3 timer switch 1 -> 0; counters 0 / 44793
M3 timer switch 0 -> 1; counters 50930 / 44793
M3 timer switch 1 -> 0; counters 50930 / 2203615
MiniLinux PANIC: M3 register guard changed
