M0 tool baseline, added LLVM utilities, and pycdlib version match.
ELF Header:
  Magic:   7f 45 4c 46 02 01 01 00 00 00 00 00 00 00 00 00
  Class:                             ELF64
  Data:                              2's complement, little endian
  Version:                           1 (current)
  OS/ABI:                            UNIX - System V
  ABI Version:                       0
  Type:                              EXEC (Executable file)
  Machine:                           Advanced Micro Devices X86-64
  Version:                           0x1
  Entry point address:               0xffffffff80001220
  Start of program headers:          64 (bytes into file)
  Start of section headers:          59200 (bytes into file)
  Flags:                             0x0
  Size of this header:               64 (bytes)
  Size of program headers:           56 (bytes)
  Number of program headers:         4
  Size of section headers:           64 (bytes)
  Number of section headers:         18
  Section header string table index: 16
Built C:\Users\lenovo\Desktop\GitHubProjects\tmp\minilinux-closed-d296971-20261002\build\kernel.elf
D:\DevTools\MiniLinux\images\minilinux-m3.iso
Created D:\DevTools\MiniLinux\images\minilinux-m3.iso
ISO kernel, Limine config, and BIOS file match this build.
MiniLinux M3: entered kernel_main
M3 timer switch 0 -> 1; counters 0 / 0
M3 timer switch 1 -> 0; counters 0 / 2455175
M3 timer switch 0 -> 1; counters 2855983 / 2455175
M3 timer switch 1 -> 0; counters 2855983 / 4533790
M3 timer switch 0 -> 1; counters 5420454 / 4533790
M3 timer switch 1 -> 0; counters 5420454 / 6820850
M3 timer switch 0 -> 1; counters 7992827 / 6820850
M3 timer switch 1 -> 0; counters 7992827 / 9201617
MiniLinux M3: timer preemption checks passed
MiniLinux PANIC: M3 reached its intentional stop

M3 boot and serial evidence passed (64 MiB guest).
MiniLinux M3: entered kernel_main
M3 timer switch 0 -> 1; counters 0 / 0
M3 timer switch 1 -> 0; counters 0 / 2707219
M3 timer switch 0 -> 1; counters 2287894 / 2707219
M3 timer switch 1 -> 0; counters 2287894 / 4772680
M3 timer switch 0 -> 1; counters 5115934 / 4772680
M3 timer switch 1 -> 0; counters 5115934 / 7035555
M3 timer switch 0 -> 1; counters 7467068 / 7035555
M3 timer switch 1 -> 0; counters 7467068 / 9843655
MiniLinux M3: timer preemption checks passed
MiniLinux PANIC: M3 reached its intentional stop

M3 boot and serial evidence passed (256 MiB guest).
0x000000000000fff0 in ?? ()
Breakpoint 1 at 0xffffffff80001224: file C:\Users\lenovo\Desktop\GitHubProjects\tmp\minilinux-closed-d296971-20261002\kernel\main.c, line 114.

Breakpoint 1, kernel_main () at C:\Users\lenovo\Desktop\GitHubProjects\tmp\minilinux-closed-d296971-20261002\kernel\main.c:114
114	    serial_init();
rip            0xffffffff80001224  0xffffffff80001224 <kernel_main+4>
cs             0x28                40
Breakpoint 2 at 0xffffffff80003338: file C:\Users\lenovo\Desktop\GitHubProjects\tmp\minilinux-closed-d296971-20261002\kernel\cpu.c, line 37.

Breakpoint 2, cpu_init () at C:\Users\lenovo\Desktop\GitHubProjects\tmp\minilinux-closed-d296971-20261002\kernel\cpu.c:37
37	    __asm__ volatile ("cli" : : : "memory");
Breakpoint 3 at 0xffffffff80003818: file C:\Users\lenovo\Desktop\GitHubProjects\tmp\minilinux-closed-d296971-20261002\kernel\task.c, line 40.

Breakpoint 3, task_start () at C:\Users\lenovo\Desktop\GitHubProjects\tmp\minilinux-closed-d296971-20261002\kernel\task.c:40
40	    for (unsigned i = 0; i < 2; i++) { tasks[i].id = i; tasks[i].alive = true; }
Breakpoint 4 at 0xffffffff80003a8c: file C:\Users\lenovo\Desktop\GitHubProjects\tmp\minilinux-closed-d296971-20261002\kernel\task.c, line 62.

Breakpoint 4, task_tick (frame=0xffffffff80008050 <tasks+8016>) at C:\Users\lenovo\Desktop\GitHubProjects\tmp\minilinux-closed-d296971-20261002\kernel\task.c:62
62	    tasks[current].frame = frame;
$1 = {r15 = 0, r14 = 0, r13 = 0, r12 = 0, r11 = 0, r10 = 0, r9 = 0, r8 = 0, rdi = 0, rsi = 0, rbp = 0, rdx = 0, rcx = 0, rbx = 0, rax = 0, vector = 32, error = 0, rip = 18446744071562082656, cs = 8, rflags = 66050, rsp = 18446744071562101000, ss = 16}
Breakpoint 5 at 0xffffffff800011ec: file C:\Users\lenovo\Desktop\GitHubProjects\tmp\minilinux-closed-d296971-20261002\kernel\main.c, line 103.

Breakpoint 5, panic (message=0xffffffff8000495f "M3 reached its intentional stop") at C:\Users\lenovo\Desktop\GitHubProjects\tmp\minilinux-closed-d296971-20261002\kernel\main.c:103
103	    __asm__ volatile ("cli" : : : "memory");
#0  panic (message=0xffffffff8000495f "M3 reached its intentional stop") at C:\Users\lenovo\Desktop\GitHubProjects\tmp\minilinux-closed-d296971-20261002\kernel\main.c:103
#1  0xffffffff80003bd4 in task_tick (frame=0xffffffff8000a0a0 <tasks+16288>) at C:\Users\lenovo\Desktop\GitHubProjects\tmp\minilinux-closed-d296971-20261002\kernel\task.c:75
#2  0xffffffff800036bc in interrupt_dispatch (frame=0xffffffff8000a0a0 <tasks+16288>) at C:\Users\lenovo\Desktop\GitHubProjects\tmp\minilinux-closed-d296971-20261002\kernel\interrupt.c:19
#3  0xffffffff80003d13 in interrupt_common () at C:\\Users\\lenovo\\Desktop\\GitHubProjects\\tmp\\minilinux-closed-d296971-20261002\\kernel\\entry.S:84
#4  0x0000000000000000 in ?? ()
[Inferior 1 (process 1) detached]

MiniLinux M3: entered kernel_main
M3 timer switch 0 -> 1; counters 0 / 0
M3 timer switch 1 -> 0; counters 0 / 2773569
M3 timer switch 0 -> 1; counters 2153924 / 2773569
M3 timer switch 1 -> 0; counters 2153924 / 4926263
M3 timer switch 0 -> 1; counters 4488955 / 4926263
M3 timer switch 1 -> 0; counters 4488955 / 7210401
M3 timer switch 0 -> 1; counters 6515982 / 7210401
M3 timer switch 1 -> 0; counters 6515982 / 9446670
MiniLinux M3: timer preemption checks passed
MiniLinux PANIC: M3 reached its intentional stop
M3 mechanism checks passed.
