M0 tool digests and pycdlib version match the baseline.
ELF Header:
  Magic:   7f 45 4c 46 02 01 01 00 00 00 00 00 00 00 00 00
  Class:                             ELF64
  Data:                              2's complement, little endian
  Version:                           1 (current)
  OS/ABI:                            UNIX - System V
  ABI Version:                       0
  Type:                              EXEC (Executable file)
  Machine:                           Advanced Micro Devices X86-64
  Version:                           0x1
  Entry point address:               0xffffffff800011b0
  Start of program headers:          64 (bytes into file)
  Start of section headers:          45952 (bytes into file)
  Flags:                             0x0
  Size of this header:               64 (bytes)
  Size of program headers:           56 (bytes)
  Number of program headers:         4
  Size of section headers:           64 (bytes)
  Number of section headers:         17
  Section header string table index: 15
Built C:\Users\lenovo\Desktop\GitHubProjects\MiniLinux\build\kernel.elf
D:\DevTools\MiniLinux\images\minilinux-m2.iso
Created D:\DevTools\MiniLinux\images\minilinux-m2.iso
ISO kernel, Limine config, and BIOS file match this build.
MiniLinux M2: entered kernel_main
M2 active CR3: 0x0000000000077000; VA 0x0000000000400000 -> PA 0x0000000000078000; alias and HHDM readback passed
MiniLinux M2: address mapping checks passed
MiniLinux PANIC: M2 reached its intentional stop

M2 boot and serial evidence passed (64 MiB guest).
MiniLinux M2: entered kernel_main
M2 active CR3: 0x0000000000083000; VA 0x0000000000400000 -> PA 0x0000000000084000; alias and HHDM readback passed
MiniLinux M2: address mapping checks passed
MiniLinux PANIC: M2 reached its intentional stop

M2 boot and serial evidence passed (256 MiB guest).
