0x000000000000fff0 in ?? ()
Breakpoint 1 at 0xffffffff800011b4: file C:\Users\lenovo\Desktop\GitHubProjects\MiniLinux\kernel\main.c, line 107.

Breakpoint 1, kernel_main () at C:\Users\lenovo\Desktop\GitHubProjects\MiniLinux\kernel\main.c:107
107	    serial_init();
rip            0xffffffff800011b4  0xffffffff800011b4 <kernel_main+4>
cs             0x28                40
Breakpoint 2 at 0xffffffff800032b8: file C:\Users\lenovo\Desktop\GitHubProjects\MiniLinux\kernel\cpu.c, line 37.

Breakpoint 2, cpu_init () at C:\Users\lenovo\Desktop\GitHubProjects\MiniLinux\kernel\cpu.c:37
37	    __asm__ volatile ("cli" : : : "memory");
Breakpoint 3 at 0xffffffff80003728: file C:\Users\lenovo\Desktop\GitHubProjects\MiniLinux\kernel\task.c, line 25.

Breakpoint 3, task_start () at C:\Users\lenovo\Desktop\GitHubProjects\MiniLinux\kernel\task.c:25
25	    for (unsigned i = 0; i < 2; i++) {
Breakpoint 4 at 0xffffffff800038bc: file C:\Users\lenovo\Desktop\GitHubProjects\MiniLinux\kernel\task.c, line 42.

Breakpoint 4, task_tick (frame=0xffffffff80008030 <tasks+7984>) at C:\Users\lenovo\Desktop\GitHubProjects\MiniLinux\kernel\task.c:42
42	    tasks[current].frame = frame;
$1 = {r15 = 0, r14 = 0, r13 = 0, r12 = 3405643776, r11 = 0, r10 = 0, r9 = 0, r8 = 0, rdi = 0, rsi = 0, rbp = 18446744071562100992, rdx = 3405643776, rcx = 3405643776, rbx = 0, rax = 0, vector = 32, error = 0, rip = 18446744071562082446, cs = 8, rflags = 66118, rsp = 18446744071562100960, ss = 16}
Breakpoint 5 at 0xffffffff8000117c: file C:\Users\lenovo\Desktop\GitHubProjects\MiniLinux\kernel\main.c, line 96.

Breakpoint 5, panic (message=0xffffffff8000495f "M3 reached its intentional stop") at C:\Users\lenovo\Desktop\GitHubProjects\MiniLinux\kernel\main.c:96
96	    __asm__ volatile ("cli" : : : "memory");
#0  panic (message=0xffffffff8000495f "M3 reached its intentional stop") at C:\Users\lenovo\Desktop\GitHubProjects\MiniLinux\kernel\main.c:96
#1  0xffffffff800039be in task_tick (frame=0xffffffff8000a050 <tasks+16208>) at C:\Users\lenovo\Desktop\GitHubProjects\MiniLinux\kernel\task.c:53
#2  0xffffffff8000363c in interrupt_dispatch (frame=0xffffffff8000a050 <tasks+16208>) at C:\Users\lenovo\Desktop\GitHubProjects\MiniLinux\kernel\interrupt.c:8
#3  0xffffffff80003b13 in interrupt_common () at C:\\Users\\lenovo\\Desktop\\GitHubProjects\\MiniLinux\\kernel\\entry.S:84
#4  0x0000000000000000 in ?? ()
[Inferior 1 (process 1) detached]

MiniLinux M3: entered kernel_main
M3 timer switch 0 -> 1; counters 0 / 0
M3 timer switch 1 -> 0; counters 0 / 30024
M3 timer switch 0 -> 1; counters 26771 / 30024
M3 timer switch 1 -> 0; counters 26771 / 2109601
M3 timer switch 0 -> 1; counters 2182591 / 2109601
M3 timer switch 1 -> 0; counters 2182591 / 4609806
M3 timer switch 0 -> 1; counters 4407617 / 4609806
M3 timer switch 1 -> 0; counters 4407617 / 6938173
MiniLinux M3: timer preemption checks passed
MiniLinux PANIC: M3 reached its intentional stop
