attack-1 passed (64 MiB).
attack-1 passed (256 MiB).
attack-2 passed (64 MiB).
attack-2 passed (256 MiB).
attack-3 passed (64 MiB).
attack-3 passed (256 MiB).
attack-4 passed (64 MiB).
attack-4 passed (256 MiB).
attack-5 passed (64 MiB).
attack-5 passed (256 MiB).
df-normal-retake passed (256 MiB).
fault-2 passed (64 MiB).
fault-2 passed (256 MiB).
fault-3 passed (64 MiB).
fault-3 passed (256 MiB).
fault-4 passed (64 MiB).
fault-4 passed (256 MiB).
fault-5 passed (64 MiB).
fault-5 passed (256 MiB).
fault-6 passed (64 MiB).
fault-6 passed (256 MiB).
fault-7 passed (64 MiB).
fault-7 passed (256 MiB).
normal-restored passed (256 MiB).
All counterexamples passed; normal image restored; no guest/debugger residue.
